[0.176s] DEBUG:colcon:Command line arguments: ['/usr/bin/colcon', 'build', '--symlink-install']
[0.177s] DEBUG:colcon:Parsed command line arguments: Namespace(log_base=None, log_level=None, verb_name='build', build_base='build', install_base='install', merge_install=False, symlink_install=True, test_result_base=None, continue_on_error=False, executor='parallel', parallel_workers=16, event_handlers=None, ignore_user_meta=False, metas=['./colcon.meta'], base_paths=['.'], packages_ignore=None, packages_ignore_regex=None, paths=None, packages_up_to=None, packages_up_to_regex=None, packages_above=None, packages_above_and_dependencies=None, packages_above_depth=None, packages_select_by_dep=None, packages_skip_by_dep=None, packages_skip_up_to=None, packages_select_build_failed=False, packages_skip_build_finished=False, packages_select_test_failures=False, packages_skip_test_passed=False, packages_select=None, packages_skip=None, packages_select_regex=None, packages_skip_regex=None, packages_start=None, packages_end=None, allow_overriding=[], cmake_args=None, cmake_target=None, cmake_target_skip_unavailable=False, cmake_clean_cache=False, cmake_clean_first=False, cmake_force_configure=False, ament_cmake_args=None, catkin_cmake_args=None, catkin_skip_building_tests=False, mixin_files=None, mixin=None, verb_parser=<colcon_mixin.mixin.mixin_argument.MixinArgumentDecorator object at 0x739b543635e0>, verb_extension=<colcon_core.verb.build.BuildVerb object at 0x739b54362fe0>, main=<bound method BuildVerb.main of <colcon_core.verb.build.BuildVerb object at 0x739b54362fe0>>, mixin_verb=('build',))
[0.290s] Level 1:colcon.colcon_core.package_discovery:discover_packages(colcon_meta) check parameters
[0.290s] Level 1:colcon.colcon_core.package_discovery:discover_packages(recursive) check parameters
[0.290s] Level 1:colcon.colcon_core.package_discovery:discover_packages(ignore) check parameters
[0.290s] Level 1:colcon.colcon_core.package_discovery:discover_packages(path) check parameters
[0.290s] Level 1:colcon.colcon_core.package_discovery:discover_packages(colcon_meta) discover
[0.290s] Level 1:colcon.colcon_core.package_discovery:discover_packages(recursive) discover
[0.290s] INFO:colcon.colcon_core.package_discovery:Crawling recursively for packages in '/home/auric/ros2_ws/bball_arm_control'
[0.290s] Level 1:colcon.colcon_core.package_identification:_identify(.) by extensions ['ignore', 'ignore_ament_install']
[0.291s] Level 1:colcon.colcon_core.package_identification:_identify(.) by extension 'ignore'
[0.291s] Level 1:colcon.colcon_core.package_identification:_identify(.) by extension 'ignore_ament_install'
[0.291s] Level 1:colcon.colcon_core.package_identification:_identify(.) by extensions ['colcon_pkg']
[0.291s] Level 1:colcon.colcon_core.package_identification:_identify(.) by extension 'colcon_pkg'
[0.291s] Level 1:colcon.colcon_core.package_identification:_identify(.) by extensions ['colcon_meta']
[0.291s] Level 1:colcon.colcon_core.package_identification:_identify(.) by extension 'colcon_meta'
[0.291s] Level 1:colcon.colcon_core.package_identification:_identify(.) by extensions ['ros']
[0.291s] Level 1:colcon.colcon_core.package_identification:_identify(.) by extension 'ros'
[0.327s] DEBUG:colcon.colcon_core.package_identification:Package '.' with type 'ros.ament_cmake' and name 'bball_arm_control'
[0.327s] Level 1:colcon.colcon_core.package_discovery:discover_packages(recursive) using defaults
[0.327s] Level 1:colcon.colcon_core.package_discovery:discover_packages(ignore) discover
[0.327s] Level 1:colcon.colcon_core.package_discovery:discover_packages(ignore) using defaults
[0.327s] Level 1:colcon.colcon_core.package_discovery:discover_packages(path) discover
[0.327s] Level 1:colcon.colcon_core.package_discovery:discover_packages(path) using defaults
[0.368s] Level 1:colcon.colcon_core.package_discovery:discover_packages(prefix_path) check parameters
[0.368s] Level 1:colcon.colcon_core.package_discovery:discover_packages(prefix_path) discover
[0.377s] DEBUG:colcon.colcon_installed_package_information.package_discovery:Found 425 installed packages in /opt/ros/humble
[0.379s] Level 1:colcon.colcon_core.package_discovery:discover_packages(prefix_path) using defaults
[0.557s] Level 5:colcon.colcon_core.verb:set package 'bball_arm_control' build argument 'cmake_args' from command line to 'None'
[0.557s] Level 5:colcon.colcon_core.verb:set package 'bball_arm_control' build argument 'cmake_target' from command line to 'None'
[0.557s] Level 5:colcon.colcon_core.verb:set package 'bball_arm_control' build argument 'cmake_target_skip_unavailable' from command line to 'False'
[0.557s] Level 5:colcon.colcon_core.verb:set package 'bball_arm_control' build argument 'cmake_clean_cache' from command line to 'False'
[0.558s] Level 5:colcon.colcon_core.verb:set package 'bball_arm_control' build argument 'cmake_clean_first' from command line to 'False'
[0.558s] Level 5:colcon.colcon_core.verb:set package 'bball_arm_control' build argument 'cmake_force_configure' from command line to 'False'
[0.558s] Level 5:colcon.colcon_core.verb:set package 'bball_arm_control' build argument 'ament_cmake_args' from command line to 'None'
[0.558s] Level 5:colcon.colcon_core.verb:set package 'bball_arm_control' build argument 'catkin_cmake_args' from command line to 'None'
[0.558s] Level 5:colcon.colcon_core.verb:set package 'bball_arm_control' build argument 'catkin_skip_building_tests' from command line to 'False'
[0.558s] DEBUG:colcon.colcon_core.verb:Building package 'bball_arm_control' with the following arguments: {'ament_cmake_args': None, 'build_base': '/home/auric/ros2_ws/bball_arm_control/build/bball_arm_control', 'catkin_cmake_args': None, 'catkin_skip_building_tests': False, 'cmake_args': None, 'cmake_clean_cache': False, 'cmake_clean_first': False, 'cmake_force_configure': False, 'cmake_target': None, 'cmake_target_skip_unavailable': False, 'install_base': '/home/auric/ros2_ws/bball_arm_control/install/bball_arm_control', 'merge_install': False, 'path': '/home/auric/ros2_ws/bball_arm_control', 'symlink_install': True, 'test_result_base': None}
[0.558s] INFO:colcon.colcon_core.executor:Executing jobs using 'parallel' executor
[0.561s] DEBUG:colcon.colcon_parallel_executor.executor.parallel:run_until_complete
[0.561s] INFO:colcon.colcon_ros.task.ament_cmake.build:Building ROS package in '/home/auric/ros2_ws/bball_arm_control' with build type 'ament_cmake'
[0.561s] INFO:colcon.colcon_cmake.task.cmake.build:Building CMake package in '/home/auric/ros2_ws/bball_arm_control'
[0.570s] INFO:colcon.colcon_core.plugin_system:Skipping extension 'colcon_core.shell.bat': Not used on non-Windows systems
[0.570s] INFO:colcon.colcon_core.shell:Skip shell extension 'powershell' for command environment: Not usable outside of PowerShell
[0.570s] DEBUG:colcon.colcon_core.shell:Skip shell extension 'dsv' for command environment
[0.622s] DEBUG:colcon.colcon_core.event_handler.log_command:Invoking command in '/home/auric/ros2_ws/bball_arm_control/build/bball_arm_control': CMAKE_PREFIX_PATH=/opt/ros/humble /usr/bin/cmake /home/auric/ros2_ws/bball_arm_control -DAMENT_CMAKE_SYMLINK_INSTALL=1 -DCMAKE_INSTALL_PREFIX=/home/auric/ros2_ws/bball_arm_control/install/bball_arm_control
[3.228s] DEBUG:colcon.colcon_core.event_handler.log_command:Invoked command in '/home/auric/ros2_ws/bball_arm_control/build/bball_arm_control' returned '0': CMAKE_PREFIX_PATH=/opt/ros/humble /usr/bin/cmake /home/auric/ros2_ws/bball_arm_control -DAMENT_CMAKE_SYMLINK_INSTALL=1 -DCMAKE_INSTALL_PREFIX=/home/auric/ros2_ws/bball_arm_control/install/bball_arm_control
[3.232s] DEBUG:colcon.colcon_core.event_handler.log_command:Invoking command in '/home/auric/ros2_ws/bball_arm_control/build/bball_arm_control': CMAKE_PREFIX_PATH=/opt/ros/humble /usr/bin/cmake --build /home/auric/ros2_ws/bball_arm_control/build/bball_arm_control -- -j16 -l16
[3.287s] DEBUG:colcon.colcon_core.event_handler.log_command:Invoked command in '/home/auric/ros2_ws/bball_arm_control/build/bball_arm_control' returned '0': CMAKE_PREFIX_PATH=/opt/ros/humble /usr/bin/cmake --build /home/auric/ros2_ws/bball_arm_control/build/bball_arm_control -- -j16 -l16
[3.304s] DEBUG:colcon.colcon_core.event_handler.log_command:Invoking command in '/home/auric/ros2_ws/bball_arm_control/build/bball_arm_control': CMAKE_PREFIX_PATH=/opt/ros/humble /usr/bin/cmake --install /home/auric/ros2_ws/bball_arm_control/build/bball_arm_control
[3.548s] Level 1:colcon.colcon_core.environment:create_environment_scripts_only(bball_arm_control)
[3.550s] DEBUG:colcon.colcon_core.event_handler.log_command:Invoked command in '/home/auric/ros2_ws/bball_arm_control/build/bball_arm_control' returned '0': CMAKE_PREFIX_PATH=/opt/ros/humble /usr/bin/cmake --install /home/auric/ros2_ws/bball_arm_control/build/bball_arm_control
[3.568s] Level 1:colcon.colcon_core.environment:checking '/home/auric/ros2_ws/bball_arm_control/install/bball_arm_control' for CMake module files
[3.568s] Level 1:colcon.colcon_core.environment:checking '/home/auric/ros2_ws/bball_arm_control/install/bball_arm_control' for CMake config files
[3.569s] Level 1:colcon.colcon_core.shell:create_environment_hook('bball_arm_control', 'cmake_prefix_path')
[3.569s] INFO:colcon.colcon_core.shell:Creating environment hook '/home/auric/ros2_ws/bball_arm_control/install/bball_arm_control/share/bball_arm_control/hook/cmake_prefix_path.ps1'
[3.572s] INFO:colcon.colcon_core.shell:Creating environment descriptor '/home/auric/ros2_ws/bball_arm_control/install/bball_arm_control/share/bball_arm_control/hook/cmake_prefix_path.dsv'
[3.573s] INFO:colcon.colcon_core.shell:Creating environment hook '/home/auric/ros2_ws/bball_arm_control/install/bball_arm_control/share/bball_arm_control/hook/cmake_prefix_path.sh'
[3.574s] Level 1:colcon.colcon_core.environment:checking '/home/auric/ros2_ws/bball_arm_control/install/bball_arm_control/bin'
[3.574s] Level 1:colcon.colcon_core.environment:checking '/home/auric/ros2_ws/bball_arm_control/install/bball_arm_control/lib/pkgconfig/bball_arm_control.pc'
[3.575s] Level 1:colcon.colcon_core.environment:checking '/home/auric/ros2_ws/bball_arm_control/install/bball_arm_control/lib/python3.10/site-packages'
[3.575s] Level 1:colcon.colcon_core.environment:checking '/home/auric/ros2_ws/bball_arm_control/install/bball_arm_control/bin'
[3.575s] INFO:colcon.colcon_core.shell:Creating package script '/home/auric/ros2_ws/bball_arm_control/install/bball_arm_control/share/bball_arm_control/package.ps1'
[3.579s] INFO:colcon.colcon_core.shell:Creating package descriptor '/home/auric/ros2_ws/bball_arm_control/install/bball_arm_control/share/bball_arm_control/package.dsv'
[3.581s] INFO:colcon.colcon_core.shell:Creating package script '/home/auric/ros2_ws/bball_arm_control/install/bball_arm_control/share/bball_arm_control/package.sh'
[3.582s] INFO:colcon.colcon_core.shell:Creating package script '/home/auric/ros2_ws/bball_arm_control/install/bball_arm_control/share/bball_arm_control/package.bash'
[3.584s] INFO:colcon.colcon_core.shell:Creating package script '/home/auric/ros2_ws/bball_arm_control/install/bball_arm_control/share/bball_arm_control/package.zsh'
[3.586s] Level 1:colcon.colcon_core.environment:create_file_with_runtime_dependencies(/home/auric/ros2_ws/bball_arm_control/install/bball_arm_control/share/colcon-core/packages/bball_arm_control)
[3.589s] Level 1:colcon.colcon_core.environment:create_environment_scripts_only(bball_arm_control)
[3.589s] Level 1:colcon.colcon_core.environment:checking '/home/auric/ros2_ws/bball_arm_control/install/bball_arm_control' for CMake module files
[3.590s] Level 1:colcon.colcon_core.environment:checking '/home/auric/ros2_ws/bball_arm_control/install/bball_arm_control' for CMake config files
[3.590s] Level 1:colcon.colcon_core.shell:create_environment_hook('bball_arm_control', 'cmake_prefix_path')
[3.590s] INFO:colcon.colcon_core.shell:Creating environment hook '/home/auric/ros2_ws/bball_arm_control/install/bball_arm_control/share/bball_arm_control/hook/cmake_prefix_path.ps1'
[3.591s] INFO:colcon.colcon_core.shell:Creating environment descriptor '/home/auric/ros2_ws/bball_arm_control/install/bball_arm_control/share/bball_arm_control/hook/cmake_prefix_path.dsv'
[3.591s] INFO:colcon.colcon_core.shell:Creating environment hook '/home/auric/ros2_ws/bball_arm_control/install/bball_arm_control/share/bball_arm_control/hook/cmake_prefix_path.sh'
[3.592s] Level 1:colcon.colcon_core.environment:checking '/home/auric/ros2_ws/bball_arm_control/install/bball_arm_control/bin'
[3.592s] Level 1:colcon.colcon_core.environment:checking '/home/auric/ros2_ws/bball_arm_control/install/bball_arm_control/lib/pkgconfig/bball_arm_control.pc'
[3.592s] Level 1:colcon.colcon_core.environment:checking '/home/auric/ros2_ws/bball_arm_control/install/bball_arm_control/lib/python3.10/site-packages'
[3.592s] Level 1:colcon.colcon_core.environment:checking '/home/auric/ros2_ws/bball_arm_control/install/bball_arm_control/bin'
[3.593s] INFO:colcon.colcon_core.shell:Creating package script '/home/auric/ros2_ws/bball_arm_control/install/bball_arm_control/share/bball_arm_control/package.ps1'
[3.593s] INFO:colcon.colcon_core.shell:Creating package descriptor '/home/auric/ros2_ws/bball_arm_control/install/bball_arm_control/share/bball_arm_control/package.dsv'
[3.594s] INFO:colcon.colcon_core.shell:Creating package script '/home/auric/ros2_ws/bball_arm_control/install/bball_arm_control/share/bball_arm_control/package.sh'
[3.594s] INFO:colcon.colcon_core.shell:Creating package script '/home/auric/ros2_ws/bball_arm_control/install/bball_arm_control/share/bball_arm_control/package.bash'
[3.594s] INFO:colcon.colcon_core.shell:Creating package script '/home/auric/ros2_ws/bball_arm_control/install/bball_arm_control/share/bball_arm_control/package.zsh'
[3.595s] Level 1:colcon.colcon_core.environment:create_file_with_runtime_dependencies(/home/auric/ros2_ws/bball_arm_control/install/bball_arm_control/share/colcon-core/packages/bball_arm_control)
[3.595s] DEBUG:colcon.colcon_parallel_executor.executor.parallel:closing loop
[3.596s] DEBUG:colcon.colcon_parallel_executor.executor.parallel:loop closed
[3.596s] DEBUG:colcon.colcon_parallel_executor.executor.parallel:run_until_complete finished with '0'
[3.596s] DEBUG:colcon.colcon_core.event_reactor:joining thread
[3.658s] INFO:colcon.colcon_core.plugin_system:Skipping extension 'colcon_notification.desktop_notification.notify_send': Could not find 'notify-send'
[3.658s] INFO:colcon.colcon_core.plugin_system:Skipping extension 'colcon_notification.desktop_notification.terminal_notifier': Not used on non-Darwin systems
[3.658s] INFO:colcon.colcon_core.plugin_system:Skipping extension 'colcon_notification.desktop_notification.win32': Not used on non-Windows systems
[3.658s] INFO:colcon.colcon_notification.desktop_notification:Sending desktop notification using 'notify2'
[3.660s] DEBUG:colcon.colcon_notification.desktop_notification.notify2:Failed to initialize notify2: org.freedesktop.DBus.Error.FileNotFound: Failed to connect to socket /run/user/1000/bus: No such file or directory
[3.660s] DEBUG:colcon.colcon_core.event_reactor:joined thread
[3.661s] INFO:colcon.colcon_core.shell:Creating prefix script '/home/auric/ros2_ws/bball_arm_control/install/local_setup.ps1'
[3.663s] INFO:colcon.colcon_core.shell:Creating prefix util module '/home/auric/ros2_ws/bball_arm_control/install/_local_setup_util_ps1.py'
[3.665s] INFO:colcon.colcon_core.shell:Creating prefix chain script '/home/auric/ros2_ws/bball_arm_control/install/setup.ps1'
[3.667s] INFO:colcon.colcon_core.shell:Creating prefix script '/home/auric/ros2_ws/bball_arm_control/install/local_setup.sh'
[3.668s] INFO:colcon.colcon_core.shell:Creating prefix util module '/home/auric/ros2_ws/bball_arm_control/install/_local_setup_util_sh.py'
[3.669s] INFO:colcon.colcon_core.shell:Creating prefix chain script '/home/auric/ros2_ws/bball_arm_control/install/setup.sh'
[3.670s] INFO:colcon.colcon_core.shell:Creating prefix script '/home/auric/ros2_ws/bball_arm_control/install/local_setup.bash'
[3.671s] INFO:colcon.colcon_core.shell:Creating prefix chain script '/home/auric/ros2_ws/bball_arm_control/install/setup.bash'
[3.672s] INFO:colcon.colcon_core.shell:Creating prefix script '/home/auric/ros2_ws/bball_arm_control/install/local_setup.zsh'
[3.673s] INFO:colcon.colcon_core.shell:Creating prefix chain script '/home/auric/ros2_ws/bball_arm_control/install/setup.zsh'
