[0.026s] Invoking command in '/home/auric/ros2_ws/bball_arm_control/build/bball_arm_control': CMAKE_PREFIX_PATH=/opt/ros/humble /usr/bin/cmake --build /home/auric/ros2_ws/bball_arm_control/build/bball_arm_control -- -j16 -l16
[0.077s] Invoked command in '/home/auric/ros2_ws/bball_arm_control/build/bball_arm_control' returned '0': CMAKE_PREFIX_PATH=/opt/ros/humble /usr/bin/cmake --build /home/auric/ros2_ws/bball_arm_control/build/bball_arm_control -- -j16 -l16
[0.090s] Invoking command in '/home/auric/ros2_ws/bball_arm_control/build/bball_arm_control': CMAKE_PREFIX_PATH=/opt/ros/humble /usr/bin/cmake --install /home/auric/ros2_ws/bball_arm_control/build/bball_arm_control
[0.098s] -- Install configuration: ""
[0.098s] -- Execute custom install script
[0.098s] -- Up-to-date symlink: /home/auric/ros2_ws/bball_arm_control/install/bball_arm_control/share/bball_arm_control/worlds/court.xml
[0.099s] -- Up-to-date symlink: /home/auric/ros2_ws/bball_arm_control/install/bball_arm_control/share/ament_index/resource_index/package_run_dependencies/bball_arm_control
[0.099s] -- Up-to-date symlink: /home/auric/ros2_ws/bball_arm_control/install/bball_arm_control/share/ament_index/resource_index/parent_prefix_path/bball_arm_control
[0.100s] -- Up-to-date symlink: /home/auric/ros2_ws/bball_arm_control/install/bball_arm_control/share/bball_arm_control/environment/ament_prefix_path.sh
[0.100s] -- Up-to-date symlink: /home/auric/ros2_ws/bball_arm_control/install/bball_arm_control/share/bball_arm_control/environment/ament_prefix_path.dsv
[0.100s] -- Up-to-date symlink: /home/auric/ros2_ws/bball_arm_control/install/bball_arm_control/share/bball_arm_control/environment/path.sh
[0.100s] -- Up-to-date symlink: /home/auric/ros2_ws/bball_arm_control/install/bball_arm_control/share/bball_arm_control/environment/path.dsv
[0.100s] -- Up-to-date symlink: /home/auric/ros2_ws/bball_arm_control/install/bball_arm_control/share/bball_arm_control/local_setup.bash
[0.101s] -- Up-to-date symlink: /home/auric/ros2_ws/bball_arm_control/install/bball_arm_control/share/bball_arm_control/local_setup.sh
[0.101s] -- Up-to-date symlink: /home/auric/ros2_ws/bball_arm_control/install/bball_arm_control/share/bball_arm_control/local_setup.zsh
[0.101s] -- Up-to-date symlink: /home/auric/ros2_ws/bball_arm_control/install/bball_arm_control/share/bball_arm_control/local_setup.dsv
[0.101s] -- Symlinking: /home/auric/ros2_ws/bball_arm_control/install/bball_arm_control/share/bball_arm_control/package.dsv
[0.112s] -- Up-to-date symlink: /home/auric/ros2_ws/bball_arm_control/install/bball_arm_control/share/ament_index/resource_index/packages/bball_arm_control
[0.112s] -- Up-to-date symlink: /home/auric/ros2_ws/bball_arm_control/install/bball_arm_control/share/bball_arm_control/cmake/bball_arm_controlConfig.cmake
[0.112s] -- Up-to-date symlink: /home/auric/ros2_ws/bball_arm_control/install/bball_arm_control/share/bball_arm_control/cmake/bball_arm_controlConfig-version.cmake
[0.113s] -- Up-to-date symlink: /home/auric/ros2_ws/bball_arm_control/install/bball_arm_control/share/bball_arm_control/package.xml
[0.116s] Invoked command in '/home/auric/ros2_ws/bball_arm_control/build/bball_arm_control' returned '0': CMAKE_PREFIX_PATH=/opt/ros/humble /usr/bin/cmake --install /home/auric/ros2_ws/bball_arm_control/build/bball_arm_control
