[0.041s] Invoking command in '/home/auric/ros2_ws/bball_arm_control/build/bball_arm_control': CMAKE_PREFIX_PATH=/opt/ros/humble /usr/bin/cmake --build /home/auric/ros2_ws/bball_arm_control/build/bball_arm_control -- -j16 -l16
[0.171s] Invoked command in '/home/auric/ros2_ws/bball_arm_control/build/bball_arm_control' returned '0': CMAKE_PREFIX_PATH=/opt/ros/humble /usr/bin/cmake --build /home/auric/ros2_ws/bball_arm_control/build/bball_arm_control -- -j16 -l16
[0.190s] Invoking command in '/home/auric/ros2_ws/bball_arm_control/build/bball_arm_control': CMAKE_PREFIX_PATH=/opt/ros/humble /usr/bin/cmake --install /home/auric/ros2_ws/bball_arm_control/build/bball_arm_control
[0.201s] -- Install configuration: ""
[0.202s] -- Execute custom install script
[0.204s] [33mCMake Warning (dev) at ament_cmake_symlink_install/ament_cmake_symlink_install.cmake:67 (file):
[0.204s]   Policy CMP0009 is not set: FILE GLOB_RECURSE calls should not follow
[0.204s]   symlinks by default.  Run "cmake --help-policy CMP0009" for policy details.
[0.204s]   Use the cmake_policy command to set the policy and suppress this warning.
[0.204s] Call Stack (most recent call first):
[0.205s]   ament_cmake_symlink_install/ament_cmake_symlink_install.cmake:319 (ament_cmake_symlink_install_directory)
[0.205s]   cmake_install.cmake:46 (include)
[0.205s] This warning is for project developers.  Use -Wno-dev to suppress it.
[0.205s] [0m
[0.206s] -- Symlinking: /home/auric/ros2_ws/bball_arm_control/install/bball_arm_control/share/bball_arm_control/worlds/assets/head_link.STL
[0.220s] -- Symlinking: /home/auric/ros2_ws/bball_arm_control/install/bball_arm_control/share/bball_arm_control/worlds/assets/left_ankle_pitch_link.STL
[0.234s] -- Symlinking: /home/auric/ros2_ws/bball_arm_control/install/bball_arm_control/share/bball_arm_control/worlds/assets/left_ankle_roll_link.STL
[0.248s] -- Symlinking: /home/auric/ros2_ws/bball_arm_control/install/bball_arm_control/share/bball_arm_control/worlds/assets/left_elbow_link.STL
[0.263s] -- Symlinking: /home/auric/ros2_ws/bball_arm_control/install/bball_arm_control/share/bball_arm_control/worlds/assets/left_hand_index_0_link.STL
[0.279s] -- Symlinking: /home/auric/ros2_ws/bball_arm_control/install/bball_arm_control/share/bball_arm_control/worlds/assets/left_hand_index_1_link.STL
[0.294s] -- Symlinking: /home/auric/ros2_ws/bball_arm_control/install/bball_arm_control/share/bball_arm_control/worlds/assets/left_hand_middle_0_link.STL
[0.307s] -- Symlinking: /home/auric/ros2_ws/bball_arm_control/install/bball_arm_control/share/bball_arm_control/worlds/assets/left_hand_middle_1_link.STL
[0.321s] -- Symlinking: /home/auric/ros2_ws/bball_arm_control/install/bball_arm_control/share/bball_arm_control/worlds/assets/left_hand_palm_link.STL
[0.337s] -- Symlinking: /home/auric/ros2_ws/bball_arm_control/install/bball_arm_control/share/bball_arm_control/worlds/assets/left_hand_thumb_0_link.STL
[0.349s] -- Symlinking: /home/auric/ros2_ws/bball_arm_control/install/bball_arm_control/share/bball_arm_control/worlds/assets/left_hand_thumb_1_link.STL
[0.361s] -- Symlinking: /home/auric/ros2_ws/bball_arm_control/install/bball_arm_control/share/bball_arm_control/worlds/assets/left_hand_thumb_2_link.STL
[0.375s] -- Symlinking: /home/auric/ros2_ws/bball_arm_control/install/bball_arm_control/share/bball_arm_control/worlds/assets/left_hip_pitch_link.STL
[0.388s] -- Symlinking: /home/auric/ros2_ws/bball_arm_control/install/bball_arm_control/share/bball_arm_control/worlds/assets/left_hip_roll_link.STL
[0.399s] -- Symlinking: /home/auric/ros2_ws/bball_arm_control/install/bball_arm_control/share/bball_arm_control/worlds/assets/left_hip_yaw_link.STL
[0.410s] -- Symlinking: /home/auric/ros2_ws/bball_arm_control/install/bball_arm_control/share/bball_arm_control/worlds/assets/left_knee_link.STL
[0.423s] -- Symlinking: /home/auric/ros2_ws/bball_arm_control/install/bball_arm_control/share/bball_arm_control/worlds/assets/left_rubber_hand.STL
[0.438s] -- Symlinking: /home/auric/ros2_ws/bball_arm_control/install/bball_arm_control/share/bball_arm_control/worlds/assets/left_shoulder_pitch_link.STL
[0.451s] -- Symlinking: /home/auric/ros2_ws/bball_arm_control/install/bball_arm_control/share/bball_arm_control/worlds/assets/left_shoulder_roll_link.STL
[0.468s] -- Symlinking: /home/auric/ros2_ws/bball_arm_control/install/bball_arm_control/share/bball_arm_control/worlds/assets/left_shoulder_yaw_link.STL
[0.481s] -- Symlinking: /home/auric/ros2_ws/bball_arm_control/install/bball_arm_control/share/bball_arm_control/worlds/assets/left_wrist_pitch_link.STL
[0.494s] -- Symlinking: /home/auric/ros2_ws/bball_arm_control/install/bball_arm_control/share/bball_arm_control/worlds/assets/left_wrist_roll_link.STL
[0.506s] -- Symlinking: /home/auric/ros2_ws/bball_arm_control/install/bball_arm_control/share/bball_arm_control/worlds/assets/left_wrist_yaw_link.STL
[0.521s] -- Symlinking: /home/auric/ros2_ws/bball_arm_control/install/bball_arm_control/share/bball_arm_control/worlds/assets/logo_link.STL
[0.537s] -- Symlinking: /home/auric/ros2_ws/bball_arm_control/install/bball_arm_control/share/bball_arm_control/worlds/assets/pelvis.STL
[0.550s] -- Symlinking: /home/auric/ros2_ws/bball_arm_control/install/bball_arm_control/share/bball_arm_control/worlds/assets/pelvis_contour_link.STL
[0.563s] -- Symlinking: /home/auric/ros2_ws/bball_arm_control/install/bball_arm_control/share/bball_arm_control/worlds/assets/right_ankle_pitch_link.STL
[0.575s] -- Symlinking: /home/auric/ros2_ws/bball_arm_control/install/bball_arm_control/share/bball_arm_control/worlds/assets/right_ankle_roll_link.STL
[0.586s] -- Symlinking: /home/auric/ros2_ws/bball_arm_control/install/bball_arm_control/share/bball_arm_control/worlds/assets/right_elbow_link.STL
[0.598s] -- Symlinking: /home/auric/ros2_ws/bball_arm_control/install/bball_arm_control/share/bball_arm_control/worlds/assets/right_hand_index_0_link.STL
[0.611s] -- Symlinking: /home/auric/ros2_ws/bball_arm_control/install/bball_arm_control/share/bball_arm_control/worlds/assets/right_hand_index_1_link.STL
[0.625s] -- Symlinking: /home/auric/ros2_ws/bball_arm_control/install/bball_arm_control/share/bball_arm_control/worlds/assets/right_hand_middle_0_link.STL
[0.640s] -- Symlinking: /home/auric/ros2_ws/bball_arm_control/install/bball_arm_control/share/bball_arm_control/worlds/assets/right_hand_middle_1_link.STL
[0.653s] -- Symlinking: /home/auric/ros2_ws/bball_arm_control/install/bball_arm_control/share/bball_arm_control/worlds/assets/right_hand_palm_link.STL
[0.666s] -- Symlinking: /home/auric/ros2_ws/bball_arm_control/install/bball_arm_control/share/bball_arm_control/worlds/assets/right_hand_thumb_0_link.STL
[0.678s] -- Symlinking: /home/auric/ros2_ws/bball_arm_control/install/bball_arm_control/share/bball_arm_control/worlds/assets/right_hand_thumb_1_link.STL
[0.689s] -- Symlinking: /home/auric/ros2_ws/bball_arm_control/install/bball_arm_control/share/bball_arm_control/worlds/assets/right_hand_thumb_2_link.STL
[0.702s] -- Symlinking: /home/auric/ros2_ws/bball_arm_control/install/bball_arm_control/share/bball_arm_control/worlds/assets/right_hip_pitch_link.STL
[0.713s] -- Symlinking: /home/auric/ros2_ws/bball_arm_control/install/bball_arm_control/share/bball_arm_control/worlds/assets/right_hip_roll_link.STL
[0.728s] -- Symlinking: /home/auric/ros2_ws/bball_arm_control/install/bball_arm_control/share/bball_arm_control/worlds/assets/right_hip_yaw_link.STL
[0.743s] -- Symlinking: /home/auric/ros2_ws/bball_arm_control/install/bball_arm_control/share/bball_arm_control/worlds/assets/right_knee_link.STL
[0.757s] -- Symlinking: /home/auric/ros2_ws/bball_arm_control/install/bball_arm_control/share/bball_arm_control/worlds/assets/right_rubber_hand.STL
[0.770s] -- Symlinking: /home/auric/ros2_ws/bball_arm_control/install/bball_arm_control/share/bball_arm_control/worlds/assets/right_shoulder_pitch_link.STL
[0.782s] -- Symlinking: /home/auric/ros2_ws/bball_arm_control/install/bball_arm_control/share/bball_arm_control/worlds/assets/right_shoulder_roll_link.STL
[0.792s] -- Symlinking: /home/auric/ros2_ws/bball_arm_control/install/bball_arm_control/share/bball_arm_control/worlds/assets/right_shoulder_yaw_link.STL
[0.805s] -- Symlinking: /home/auric/ros2_ws/bball_arm_control/install/bball_arm_control/share/bball_arm_control/worlds/assets/right_wrist_pitch_link.STL
[0.821s] -- Symlinking: /home/auric/ros2_ws/bball_arm_control/install/bball_arm_control/share/bball_arm_control/worlds/assets/right_wrist_roll_link.STL
[0.835s] -- Symlinking: /home/auric/ros2_ws/bball_arm_control/install/bball_arm_control/share/bball_arm_control/worlds/assets/right_wrist_yaw_link.STL
[0.852s] -- Symlinking: /home/auric/ros2_ws/bball_arm_control/install/bball_arm_control/share/bball_arm_control/worlds/assets/torso_link_rev_1_0.STL
[0.867s] -- Symlinking: /home/auric/ros2_ws/bball_arm_control/install/bball_arm_control/share/bball_arm_control/worlds/assets/waist_roll_link_rev_1_0.STL
[0.880s] -- Symlinking: /home/auric/ros2_ws/bball_arm_control/install/bball_arm_control/share/bball_arm_control/worlds/assets/waist_yaw_link_rev_1_0.STL
[0.892s] -- Up-to-date symlink: /home/auric/ros2_ws/bball_arm_control/install/bball_arm_control/share/bball_arm_control/worlds/court.xml
[0.892s] -- Up-to-date symlink: /home/auric/ros2_ws/bball_arm_control/install/bball_arm_control/share/ament_index/resource_index/package_run_dependencies/bball_arm_control
[0.893s] -- Up-to-date symlink: /home/auric/ros2_ws/bball_arm_control/install/bball_arm_control/share/ament_index/resource_index/parent_prefix_path/bball_arm_control
[0.894s] -- Up-to-date symlink: /home/auric/ros2_ws/bball_arm_control/install/bball_arm_control/share/bball_arm_control/environment/ament_prefix_path.sh
[0.894s] -- Up-to-date symlink: /home/auric/ros2_ws/bball_arm_control/install/bball_arm_control/share/bball_arm_control/environment/ament_prefix_path.dsv
[0.895s] -- Up-to-date symlink: /home/auric/ros2_ws/bball_arm_control/install/bball_arm_control/share/bball_arm_control/environment/path.sh
[0.895s] -- Up-to-date symlink: /home/auric/ros2_ws/bball_arm_control/install/bball_arm_control/share/bball_arm_control/environment/path.dsv
[0.896s] -- Up-to-date symlink: /home/auric/ros2_ws/bball_arm_control/install/bball_arm_control/share/bball_arm_control/local_setup.bash
[0.896s] -- Up-to-date symlink: /home/auric/ros2_ws/bball_arm_control/install/bball_arm_control/share/bball_arm_control/local_setup.sh
[0.897s] -- Up-to-date symlink: /home/auric/ros2_ws/bball_arm_control/install/bball_arm_control/share/bball_arm_control/local_setup.zsh
[0.897s] -- Up-to-date symlink: /home/auric/ros2_ws/bball_arm_control/install/bball_arm_control/share/bball_arm_control/local_setup.dsv
[0.897s] -- Symlinking: /home/auric/ros2_ws/bball_arm_control/install/bball_arm_control/share/bball_arm_control/package.dsv
[0.913s] -- Up-to-date symlink: /home/auric/ros2_ws/bball_arm_control/install/bball_arm_control/share/ament_index/resource_index/packages/bball_arm_control
[0.913s] -- Up-to-date symlink: /home/auric/ros2_ws/bball_arm_control/install/bball_arm_control/share/bball_arm_control/cmake/bball_arm_controlConfig.cmake
[0.914s] -- Up-to-date symlink: /home/auric/ros2_ws/bball_arm_control/install/bball_arm_control/share/bball_arm_control/cmake/bball_arm_controlConfig-version.cmake
[0.914s] -- Up-to-date symlink: /home/auric/ros2_ws/bball_arm_control/install/bball_arm_control/share/bball_arm_control/package.xml
[0.919s] Invoked command in '/home/auric/ros2_ws/bball_arm_control/build/bball_arm_control' returned '0': CMAKE_PREFIX_PATH=/opt/ros/humble /usr/bin/cmake --install /home/auric/ros2_ws/bball_arm_control/build/bball_arm_control
