[0.175s] DEBUG:colcon:Command line arguments: ['/usr/bin/colcon', 'build', '--symlink-install']
[0.175s] DEBUG:colcon:Parsed command line arguments: Namespace(log_base=None, log_level=None, verb_name='build', build_base='build', install_base='install', merge_install=False, symlink_install=True, test_result_base=None, continue_on_error=False, executor='parallel', parallel_workers=16, event_handlers=None, ignore_user_meta=False, metas=['./colcon.meta'], base_paths=['.'], packages_ignore=None, packages_ignore_regex=None, paths=None, packages_up_to=None, packages_up_to_regex=None, packages_above=None, packages_above_and_dependencies=None, packages_above_depth=None, packages_select_by_dep=None, packages_skip_by_dep=None, packages_skip_up_to=None, packages_select_build_failed=False, packages_skip_build_finished=False, packages_select_test_failures=False, packages_skip_test_passed=False, packages_select=None, packages_skip=None, packages_select_regex=None, packages_skip_regex=None, packages_start=None, packages_end=None, allow_overriding=[], cmake_args=None, cmake_target=None, cmake_target_skip_unavailable=False, cmake_clean_cache=False, cmake_clean_first=False, cmake_force_configure=False, ament_cmake_args=None, catkin_cmake_args=None, catkin_skip_building_tests=False, mixin_files=None, mixin=None, verb_parser=<colcon_mixin.mixin.mixin_argument.MixinArgumentDecorator object at 0x7064ee0675e0>, verb_extension=<colcon_core.verb.build.BuildVerb object at 0x7064ee066fe0>, main=<bound method BuildVerb.main of <colcon_core.verb.build.BuildVerb object at 0x7064ee066fe0>>, mixin_verb=('build',))
[0.219s] Level 1:colcon.colcon_core.package_discovery:discover_packages(colcon_meta) check parameters
[0.219s] Level 1:colcon.colcon_core.package_discovery:discover_packages(recursive) check parameters
[0.219s] Level 1:colcon.colcon_core.package_discovery:discover_packages(ignore) check parameters
[0.219s] Level 1:colcon.colcon_core.package_discovery:discover_packages(path) check parameters
[0.219s] Level 1:colcon.colcon_core.package_discovery:discover_packages(colcon_meta) discover
[0.219s] Level 1:colcon.colcon_core.package_discovery:discover_packages(recursive) discover
[0.219s] INFO:colcon.colcon_core.package_discovery:Crawling recursively for packages in '/home/auric/ros2_ws/bball_arm_control'
[0.219s] Level 1:colcon.colcon_core.package_identification:_identify(.) by extensions ['ignore', 'ignore_ament_install']
[0.220s] Level 1:colcon.colcon_core.package_identification:_identify(.) by extension 'ignore'
[0.220s] Level 1:colcon.colcon_core.package_identification:_identify(.) by extension 'ignore_ament_install'
[0.220s] Level 1:colcon.colcon_core.package_identification:_identify(.) by extensions ['colcon_pkg']
[0.220s] Level 1:colcon.colcon_core.package_identification:_identify(.) by extension 'colcon_pkg'
[0.220s] Level 1:colcon.colcon_core.package_identification:_identify(.) by extensions ['colcon_meta']
[0.220s] Level 1:colcon.colcon_core.package_identification:_identify(.) by extension 'colcon_meta'
[0.220s] Level 1:colcon.colcon_core.package_identification:_identify(.) by extensions ['ros']
[0.220s] Level 1:colcon.colcon_core.package_identification:_identify(.) by extension 'ros'
[0.241s] DEBUG:colcon.colcon_core.package_identification:Package '.' with type 'ros.ament_cmake' and name 'bball_arm_control'
[0.241s] Level 1:colcon.colcon_core.package_discovery:discover_packages(recursive) using defaults
[0.241s] Level 1:colcon.colcon_core.package_discovery:discover_packages(ignore) discover
[0.241s] Level 1:colcon.colcon_core.package_discovery:discover_packages(ignore) using defaults
[0.241s] Level 1:colcon.colcon_core.package_discovery:discover_packages(path) discover
[0.241s] Level 1:colcon.colcon_core.package_discovery:discover_packages(path) using defaults
[0.265s] Level 1:colcon.colcon_core.package_discovery:discover_packages(prefix_path) check parameters
[0.266s] Level 1:colcon.colcon_core.package_discovery:discover_packages(prefix_path) discover
[0.269s] DEBUG:colcon.colcon_installed_package_information.package_discovery:Found 425 installed packages in /opt/ros/humble
[0.271s] Level 1:colcon.colcon_core.package_discovery:discover_packages(prefix_path) using defaults
[0.317s] Level 5:colcon.colcon_core.verb:set package 'bball_arm_control' build argument 'cmake_args' from command line to 'None'
[0.317s] Level 5:colcon.colcon_core.verb:set package 'bball_arm_control' build argument 'cmake_target' from command line to 'None'
[0.317s] Level 5:colcon.colcon_core.verb:set package 'bball_arm_control' build argument 'cmake_target_skip_unavailable' from command line to 'False'
[0.317s] Level 5:colcon.colcon_core.verb:set package 'bball_arm_control' build argument 'cmake_clean_cache' from command line to 'False'
[0.317s] Level 5:colcon.colcon_core.verb:set package 'bball_arm_control' build argument 'cmake_clean_first' from command line to 'False'
[0.317s] Level 5:colcon.colcon_core.verb:set package 'bball_arm_control' build argument 'cmake_force_configure' from command line to 'False'
[0.317s] Level 5:colcon.colcon_core.verb:set package 'bball_arm_control' build argument 'ament_cmake_args' from command line to 'None'
[0.317s] Level 5:colcon.colcon_core.verb:set package 'bball_arm_control' build argument 'catkin_cmake_args' from command line to 'None'
[0.317s] Level 5:colcon.colcon_core.verb:set package 'bball_arm_control' build argument 'catkin_skip_building_tests' from command line to 'False'
[0.317s] DEBUG:colcon.colcon_core.verb:Building package 'bball_arm_control' with the following arguments: {'ament_cmake_args': None, 'build_base': '/home/auric/ros2_ws/bball_arm_control/build/bball_arm_control', 'catkin_cmake_args': None, 'catkin_skip_building_tests': False, 'cmake_args': None, 'cmake_clean_cache': False, 'cmake_clean_first': False, 'cmake_force_configure': False, 'cmake_target': None, 'cmake_target_skip_unavailable': False, 'install_base': '/home/auric/ros2_ws/bball_arm_control/install/bball_arm_control', 'merge_install': False, 'path': '/home/auric/ros2_ws/bball_arm_control', 'symlink_install': True, 'test_result_base': None}
[0.318s] INFO:colcon.colcon_core.executor:Executing jobs using 'parallel' executor
[0.320s] DEBUG:colcon.colcon_parallel_executor.executor.parallel:run_until_complete
[0.320s] INFO:colcon.colcon_ros.task.ament_cmake.build:Building ROS package in '/home/auric/ros2_ws/bball_arm_control' with build type 'ament_cmake'
[0.320s] INFO:colcon.colcon_cmake.task.cmake.build:Building CMake package in '/home/auric/ros2_ws/bball_arm_control'
[0.322s] INFO:colcon.colcon_core.plugin_system:Skipping extension 'colcon_core.shell.bat': Not used on non-Windows systems
[0.322s] INFO:colcon.colcon_core.shell:Skip shell extension 'powershell' for command environment: Not usable outside of PowerShell
[0.322s] DEBUG:colcon.colcon_core.shell:Skip shell extension 'dsv' for command environment
[0.361s] DEBUG:colcon.colcon_core.event_handler.log_command:Invoking command in '/home/auric/ros2_ws/bball_arm_control/build/bball_arm_control': CMAKE_PREFIX_PATH=/opt/ros/humble /usr/bin/cmake --build /home/auric/ros2_ws/bball_arm_control/build/bball_arm_control -- -j16 -l16
[1.465s] DEBUG:colcon.colcon_core.event_handler.log_command:Invoked command in '/home/auric/ros2_ws/bball_arm_control/build/bball_arm_control' returned '0': CMAKE_PREFIX_PATH=/opt/ros/humble /usr/bin/cmake --build /home/auric/ros2_ws/bball_arm_control/build/bball_arm_control -- -j16 -l16
[1.480s] DEBUG:colcon.colcon_core.event_handler.log_command:Invoking command in '/home/auric/ros2_ws/bball_arm_control/build/bball_arm_control': CMAKE_PREFIX_PATH=/opt/ros/humble /usr/bin/cmake --install /home/auric/ros2_ws/bball_arm_control/build/bball_arm_control
[1.510s] Level 1:colcon.colcon_core.environment:create_environment_scripts_only(bball_arm_control)
[1.511s] DEBUG:colcon.colcon_core.event_handler.log_command:Invoked command in '/home/auric/ros2_ws/bball_arm_control/build/bball_arm_control' returned '0': CMAKE_PREFIX_PATH=/opt/ros/humble /usr/bin/cmake --install /home/auric/ros2_ws/bball_arm_control/build/bball_arm_control
[1.512s] Level 1:colcon.colcon_core.environment:checking '/home/auric/ros2_ws/bball_arm_control/install/bball_arm_control' for CMake module files
[1.513s] Level 1:colcon.colcon_core.environment:checking '/home/auric/ros2_ws/bball_arm_control/install/bball_arm_control' for CMake config files
[1.513s] Level 1:colcon.colcon_core.shell:create_environment_hook('bball_arm_control', 'cmake_prefix_path')
[1.514s] INFO:colcon.colcon_core.shell:Creating environment hook '/home/auric/ros2_ws/bball_arm_control/install/bball_arm_control/share/bball_arm_control/hook/cmake_prefix_path.ps1'
[1.514s] INFO:colcon.colcon_core.shell:Creating environment descriptor '/home/auric/ros2_ws/bball_arm_control/install/bball_arm_control/share/bball_arm_control/hook/cmake_prefix_path.dsv'
[1.515s] INFO:colcon.colcon_core.shell:Creating environment hook '/home/auric/ros2_ws/bball_arm_control/install/bball_arm_control/share/bball_arm_control/hook/cmake_prefix_path.sh'
[1.516s] Level 1:colcon.colcon_core.environment:checking '/home/auric/ros2_ws/bball_arm_control/install/bball_arm_control/bin'
[1.516s] Level 1:colcon.colcon_core.environment:checking '/home/auric/ros2_ws/bball_arm_control/install/bball_arm_control/lib/pkgconfig/bball_arm_control.pc'
[1.516s] Level 1:colcon.colcon_core.environment:checking '/home/auric/ros2_ws/bball_arm_control/install/bball_arm_control/lib/python3.10/site-packages'
[1.516s] Level 1:colcon.colcon_core.environment:checking '/home/auric/ros2_ws/bball_arm_control/install/bball_arm_control/bin'
[1.517s] INFO:colcon.colcon_core.shell:Creating package script '/home/auric/ros2_ws/bball_arm_control/install/bball_arm_control/share/bball_arm_control/package.ps1'
[1.518s] INFO:colcon.colcon_core.shell:Creating package descriptor '/home/auric/ros2_ws/bball_arm_control/install/bball_arm_control/share/bball_arm_control/package.dsv'
[1.518s] INFO:colcon.colcon_core.shell:Creating package script '/home/auric/ros2_ws/bball_arm_control/install/bball_arm_control/share/bball_arm_control/package.sh'
[1.519s] INFO:colcon.colcon_core.shell:Creating package script '/home/auric/ros2_ws/bball_arm_control/install/bball_arm_control/share/bball_arm_control/package.bash'
[1.520s] INFO:colcon.colcon_core.shell:Creating package script '/home/auric/ros2_ws/bball_arm_control/install/bball_arm_control/share/bball_arm_control/package.zsh'
[1.520s] Level 1:colcon.colcon_core.environment:create_file_with_runtime_dependencies(/home/auric/ros2_ws/bball_arm_control/install/bball_arm_control/share/colcon-core/packages/bball_arm_control)
[1.521s] Level 1:colcon.colcon_core.environment:create_environment_scripts_only(bball_arm_control)
[1.521s] Level 1:colcon.colcon_core.environment:checking '/home/auric/ros2_ws/bball_arm_control/install/bball_arm_control' for CMake module files
[1.521s] Level 1:colcon.colcon_core.environment:checking '/home/auric/ros2_ws/bball_arm_control/install/bball_arm_control' for CMake config files
[1.522s] Level 1:colcon.colcon_core.shell:create_environment_hook('bball_arm_control', 'cmake_prefix_path')
[1.522s] INFO:colcon.colcon_core.shell:Creating environment hook '/home/auric/ros2_ws/bball_arm_control/install/bball_arm_control/share/bball_arm_control/hook/cmake_prefix_path.ps1'
[1.522s] INFO:colcon.colcon_core.shell:Creating environment descriptor '/home/auric/ros2_ws/bball_arm_control/install/bball_arm_control/share/bball_arm_control/hook/cmake_prefix_path.dsv'
[1.523s] INFO:colcon.colcon_core.shell:Creating environment hook '/home/auric/ros2_ws/bball_arm_control/install/bball_arm_control/share/bball_arm_control/hook/cmake_prefix_path.sh'
[1.523s] Level 1:colcon.colcon_core.environment:checking '/home/auric/ros2_ws/bball_arm_control/install/bball_arm_control/bin'
[1.523s] Level 1:colcon.colcon_core.environment:checking '/home/auric/ros2_ws/bball_arm_control/install/bball_arm_control/lib/pkgconfig/bball_arm_control.pc'
[1.524s] Level 1:colcon.colcon_core.environment:checking '/home/auric/ros2_ws/bball_arm_control/install/bball_arm_control/lib/python3.10/site-packages'
[1.524s] Level 1:colcon.colcon_core.environment:checking '/home/auric/ros2_ws/bball_arm_control/install/bball_arm_control/bin'
[1.525s] INFO:colcon.colcon_core.shell:Creating package script '/home/auric/ros2_ws/bball_arm_control/install/bball_arm_control/share/bball_arm_control/package.ps1'
[1.526s] INFO:colcon.colcon_core.shell:Creating package descriptor '/home/auric/ros2_ws/bball_arm_control/install/bball_arm_control/share/bball_arm_control/package.dsv'
[1.527s] INFO:colcon.colcon_core.shell:Creating package script '/home/auric/ros2_ws/bball_arm_control/install/bball_arm_control/share/bball_arm_control/package.sh'
[1.527s] INFO:colcon.colcon_core.shell:Creating package script '/home/auric/ros2_ws/bball_arm_control/install/bball_arm_control/share/bball_arm_control/package.bash'
[1.527s] INFO:colcon.colcon_core.shell:Creating package script '/home/auric/ros2_ws/bball_arm_control/install/bball_arm_control/share/bball_arm_control/package.zsh'
[1.528s] Level 1:colcon.colcon_core.environment:create_file_with_runtime_dependencies(/home/auric/ros2_ws/bball_arm_control/install/bball_arm_control/share/colcon-core/packages/bball_arm_control)
[1.528s] DEBUG:colcon.colcon_parallel_executor.executor.parallel:closing loop
[1.529s] DEBUG:colcon.colcon_parallel_executor.executor.parallel:loop closed
[1.529s] DEBUG:colcon.colcon_parallel_executor.executor.parallel:run_until_complete finished with '0'
[1.529s] DEBUG:colcon.colcon_core.event_reactor:joining thread
[1.580s] INFO:colcon.colcon_core.plugin_system:Skipping extension 'colcon_notification.desktop_notification.notify_send': Could not find 'notify-send'
[1.581s] INFO:colcon.colcon_core.plugin_system:Skipping extension 'colcon_notification.desktop_notification.terminal_notifier': Not used on non-Darwin systems
[1.581s] INFO:colcon.colcon_core.plugin_system:Skipping extension 'colcon_notification.desktop_notification.win32': Not used on non-Windows systems
[1.581s] INFO:colcon.colcon_notification.desktop_notification:Sending desktop notification using 'notify2'
[1.581s] DEBUG:colcon.colcon_notification.desktop_notification.notify2:Failed to initialize notify2: org.freedesktop.DBus.Error.FileNotFound: Failed to connect to socket /run/user/1000/bus: No such file or directory
[1.581s] DEBUG:colcon.colcon_core.event_reactor:joined thread
[1.582s] INFO:colcon.colcon_core.shell:Creating prefix script '/home/auric/ros2_ws/bball_arm_control/install/local_setup.ps1'
[1.583s] INFO:colcon.colcon_core.shell:Creating prefix util module '/home/auric/ros2_ws/bball_arm_control/install/_local_setup_util_ps1.py'
[1.584s] INFO:colcon.colcon_core.shell:Creating prefix chain script '/home/auric/ros2_ws/bball_arm_control/install/setup.ps1'
[1.585s] INFO:colcon.colcon_core.shell:Creating prefix script '/home/auric/ros2_ws/bball_arm_control/install/local_setup.sh'
[1.586s] INFO:colcon.colcon_core.shell:Creating prefix util module '/home/auric/ros2_ws/bball_arm_control/install/_local_setup_util_sh.py'
[1.586s] INFO:colcon.colcon_core.shell:Creating prefix chain script '/home/auric/ros2_ws/bball_arm_control/install/setup.sh'
[1.587s] INFO:colcon.colcon_core.shell:Creating prefix script '/home/auric/ros2_ws/bball_arm_control/install/local_setup.bash'
[1.587s] INFO:colcon.colcon_core.shell:Creating prefix chain script '/home/auric/ros2_ws/bball_arm_control/install/setup.bash'
[1.588s] INFO:colcon.colcon_core.shell:Creating prefix script '/home/auric/ros2_ws/bball_arm_control/install/local_setup.zsh'
[1.588s] INFO:colcon.colcon_core.shell:Creating prefix chain script '/home/auric/ros2_ws/bball_arm_control/install/setup.zsh'
