-- The C compiler identification is GNU 11.4.0
-- The CXX compiler identification is GNU 11.4.0
-- Detecting C compiler ABI info
-- Detecting C compiler ABI info - done
-- Check for working C compiler: /usr/lib/ccache/cc - skipped
-- Detecting C compile features
-- Detecting C compile features - done
-- Detecting CXX compiler ABI info
-- Detecting CXX compiler ABI info - done
-- Check for working CXX compiler: /usr/lib/ccache/c++ - skipped
-- Detecting CXX compile features
-- Detecting CXX compile features - done
-- Found ament_cmake: 1.3.14 (/opt/ros/humble/share/ament_cmake/cmake)
-- Found Python3: /usr/bin/python3 (found version "3.10.12") found components: Interpreter 
-- Override CMake install command with custom implementation using symlinks instead of copying resources
-- Found ament_lint_auto: 0.12.15 (/opt/ros/humble/share/ament_lint_auto/cmake)
-- Added test 'cppcheck' to perform static code analysis on C / C++ code
-- Configured cppcheck include dirs: 
-- Configured cppcheck exclude dirs and/or files: 
-- Added test 'lint_cmake' to check CMake code style
-- Added test 'uncrustify' to check C / C++ code style
-- Configured uncrustify additional arguments: 
-- Added test 'xmllint' to check XML markup files
-- Configuring done
-- Generating done
-- Build files have been written to: /home/auric/ros2_ws/bball_arm_control/build/bball_arm_control
-- Install configuration: ""
-- Execute custom install script
-- Symlinking: /home/auric/ros2_ws/bball_arm_control/install/bball_arm_control/share/bball_arm_control/worlds/court.xml
-- Symlinking: /home/auric/ros2_ws/bball_arm_control/install/bball_arm_control/share/ament_index/resource_index/package_run_dependencies/bball_arm_control
-- Symlinking: /home/auric/ros2_ws/bball_arm_control/install/bball_arm_control/share/ament_index/resource_index/parent_prefix_path/bball_arm_control
-- Symlinking: /home/auric/ros2_ws/bball_arm_control/install/bball_arm_control/share/bball_arm_control/environment/ament_prefix_path.sh
-- Symlinking: /home/auric/ros2_ws/bball_arm_control/install/bball_arm_control/share/bball_arm_control/environment/ament_prefix_path.dsv
-- Symlinking: /home/auric/ros2_ws/bball_arm_control/install/bball_arm_control/share/bball_arm_control/environment/path.sh
-- Symlinking: /home/auric/ros2_ws/bball_arm_control/install/bball_arm_control/share/bball_arm_control/environment/path.dsv
-- Symlinking: /home/auric/ros2_ws/bball_arm_control/install/bball_arm_control/share/bball_arm_control/local_setup.bash
-- Symlinking: /home/auric/ros2_ws/bball_arm_control/install/bball_arm_control/share/bball_arm_control/local_setup.sh
-- Symlinking: /home/auric/ros2_ws/bball_arm_control/install/bball_arm_control/share/bball_arm_control/local_setup.zsh
-- Symlinking: /home/auric/ros2_ws/bball_arm_control/install/bball_arm_control/share/bball_arm_control/local_setup.dsv
-- Symlinking: /home/auric/ros2_ws/bball_arm_control/install/bball_arm_control/share/bball_arm_control/package.dsv
-- Symlinking: /home/auric/ros2_ws/bball_arm_control/install/bball_arm_control/share/ament_index/resource_index/packages/bball_arm_control
-- Symlinking: /home/auric/ros2_ws/bball_arm_control/install/bball_arm_control/share/bball_arm_control/cmake/bball_arm_controlConfig.cmake
-- Symlinking: /home/auric/ros2_ws/bball_arm_control/install/bball_arm_control/share/bball_arm_control/cmake/bball_arm_controlConfig-version.cmake
-- Symlinking: /home/auric/ros2_ws/bball_arm_control/install/bball_arm_control/share/bball_arm_control/package.xml
