-- Found ament_cmake: 1.3.14 (/opt/ros/humble/share/ament_cmake/cmake)
-- Override CMake install command with custom implementation using symlinks instead of copying resources
-- Found ament_lint_auto: 0.12.15 (/opt/ros/humble/share/ament_lint_auto/cmake)
-- Added test 'cppcheck' to perform static code analysis on C / C++ code
-- Configured cppcheck include dirs: 
-- Configured cppcheck exclude dirs and/or files: 
-- Added test 'flake8' to check Python code syntax and style conventions
-- Added test 'lint_cmake' to check CMake code style
-- Added test 'pep257' to check Python code against some of the docstring style conventions in PEP 257
-- Added test 'uncrustify' to check C / C++ code style
-- Configured uncrustify additional arguments: 
-- Added test 'xmllint' to check XML markup files
-- Configuring done
-- Generating done
-- Build files have been written to: /home/auric/ros2_ws/bball_arm_control/build/bball_arm_control
-- Install configuration: ""
-- Execute custom install script
-- Up-to-date symlink: /home/auric/ros2_ws/bball_arm_control/install/bball_arm_control/share/bball_arm_control/worlds/court.xml
-- Up-to-date symlink: /home/auric/ros2_ws/bball_arm_control/install/bball_arm_control/share/ament_index/resource_index/package_run_dependencies/bball_arm_control
-- Up-to-date symlink: /home/auric/ros2_ws/bball_arm_control/install/bball_arm_control/share/ament_index/resource_index/parent_prefix_path/bball_arm_control
-- Up-to-date symlink: /home/auric/ros2_ws/bball_arm_control/install/bball_arm_control/share/bball_arm_control/environment/ament_prefix_path.sh
-- Up-to-date symlink: /home/auric/ros2_ws/bball_arm_control/install/bball_arm_control/share/bball_arm_control/environment/ament_prefix_path.dsv
-- Up-to-date symlink: /home/auric/ros2_ws/bball_arm_control/install/bball_arm_control/share/bball_arm_control/environment/path.sh
-- Up-to-date symlink: /home/auric/ros2_ws/bball_arm_control/install/bball_arm_control/share/bball_arm_control/environment/path.dsv
-- Up-to-date symlink: /home/auric/ros2_ws/bball_arm_control/install/bball_arm_control/share/bball_arm_control/local_setup.bash
-- Up-to-date symlink: /home/auric/ros2_ws/bball_arm_control/install/bball_arm_control/share/bball_arm_control/local_setup.sh
-- Up-to-date symlink: /home/auric/ros2_ws/bball_arm_control/install/bball_arm_control/share/bball_arm_control/local_setup.zsh
-- Up-to-date symlink: /home/auric/ros2_ws/bball_arm_control/install/bball_arm_control/share/bball_arm_control/local_setup.dsv
-- Symlinking: /home/auric/ros2_ws/bball_arm_control/install/bball_arm_control/share/bball_arm_control/package.dsv
-- Up-to-date symlink: /home/auric/ros2_ws/bball_arm_control/install/bball_arm_control/share/ament_index/resource_index/packages/bball_arm_control
-- Up-to-date symlink: /home/auric/ros2_ws/bball_arm_control/install/bball_arm_control/share/bball_arm_control/cmake/bball_arm_controlConfig.cmake
-- Up-to-date symlink: /home/auric/ros2_ws/bball_arm_control/install/bball_arm_control/share/bball_arm_control/cmake/bball_arm_controlConfig-version.cmake
-- Up-to-date symlink: /home/auric/ros2_ws/bball_arm_control/install/bball_arm_control/share/bball_arm_control/package.xml
