[0.042s] Invoking command in '/home/auric/ros2_ws/bball_arm_control/build/bball_arm_control': CMAKE_PREFIX_PATH=/opt/ros/humble /usr/bin/cmake --build /home/auric/ros2_ws/bball_arm_control/build/bball_arm_control -- -j16 -l16
[0.126s] -- Found ament_cmake: 1.3.14 (/opt/ros/humble/share/ament_cmake/cmake)
[0.299s] -- Override CMake install command with custom implementation using symlinks instead of copying resources
[0.330s] -- Found ament_lint_auto: 0.12.15 (/opt/ros/humble/share/ament_lint_auto/cmake)
[0.488s] -- Added test 'cppcheck' to perform static code analysis on C / C++ code
[0.488s] -- Configured cppcheck include dirs: 
[0.488s] -- Configured cppcheck exclude dirs and/or files: 
[0.499s] -- Added test 'flake8' to check Python code syntax and style conventions
[0.517s] -- Added test 'lint_cmake' to check CMake code style
[0.526s] -- Added test 'pep257' to check Python code against some of the docstring style conventions in PEP 257
[0.583s] -- Added test 'uncrustify' to check C / C++ code style
[0.584s] -- Configured uncrustify additional arguments: 
[0.590s] -- Added test 'xmllint' to check XML markup files
[0.594s] -- Configuring done
[0.607s] -- Generating done
[0.612s] -- Build files have been written to: /home/auric/ros2_ws/bball_arm_control/build/bball_arm_control
[0.651s] Invoked command in '/home/auric/ros2_ws/bball_arm_control/build/bball_arm_control' returned '0': CMAKE_PREFIX_PATH=/opt/ros/humble /usr/bin/cmake --build /home/auric/ros2_ws/bball_arm_control/build/bball_arm_control -- -j16 -l16
[0.667s] Invoking command in '/home/auric/ros2_ws/bball_arm_control/build/bball_arm_control': CMAKE_PREFIX_PATH=/opt/ros/humble /usr/bin/cmake --install /home/auric/ros2_ws/bball_arm_control/build/bball_arm_control
[0.676s] -- Install configuration: ""
[0.677s] -- Execute custom install script
[0.677s] -- Up-to-date symlink: /home/auric/ros2_ws/bball_arm_control/install/bball_arm_control/share/bball_arm_control/worlds/court.xml
[0.678s] -- Up-to-date symlink: /home/auric/ros2_ws/bball_arm_control/install/bball_arm_control/share/ament_index/resource_index/package_run_dependencies/bball_arm_control
[0.678s] -- Up-to-date symlink: /home/auric/ros2_ws/bball_arm_control/install/bball_arm_control/share/ament_index/resource_index/parent_prefix_path/bball_arm_control
[0.679s] -- Up-to-date symlink: /home/auric/ros2_ws/bball_arm_control/install/bball_arm_control/share/bball_arm_control/environment/ament_prefix_path.sh
[0.679s] -- Up-to-date symlink: /home/auric/ros2_ws/bball_arm_control/install/bball_arm_control/share/bball_arm_control/environment/ament_prefix_path.dsv
[0.679s] -- Up-to-date symlink: /home/auric/ros2_ws/bball_arm_control/install/bball_arm_control/share/bball_arm_control/environment/path.sh
[0.679s] -- Up-to-date symlink: /home/auric/ros2_ws/bball_arm_control/install/bball_arm_control/share/bball_arm_control/environment/path.dsv
[0.679s] -- Up-to-date symlink: /home/auric/ros2_ws/bball_arm_control/install/bball_arm_control/share/bball_arm_control/local_setup.bash
[0.680s] -- Up-to-date symlink: /home/auric/ros2_ws/bball_arm_control/install/bball_arm_control/share/bball_arm_control/local_setup.sh
[0.680s] -- Up-to-date symlink: /home/auric/ros2_ws/bball_arm_control/install/bball_arm_control/share/bball_arm_control/local_setup.zsh
[0.680s] -- Up-to-date symlink: /home/auric/ros2_ws/bball_arm_control/install/bball_arm_control/share/bball_arm_control/local_setup.dsv
[0.680s] -- Symlinking: /home/auric/ros2_ws/bball_arm_control/install/bball_arm_control/share/bball_arm_control/package.dsv
[0.693s] -- Up-to-date symlink: /home/auric/ros2_ws/bball_arm_control/install/bball_arm_control/share/ament_index/resource_index/packages/bball_arm_control
[0.693s] -- Up-to-date symlink: /home/auric/ros2_ws/bball_arm_control/install/bball_arm_control/share/bball_arm_control/cmake/bball_arm_controlConfig.cmake
[0.693s] -- Up-to-date symlink: /home/auric/ros2_ws/bball_arm_control/install/bball_arm_control/share/bball_arm_control/cmake/bball_arm_controlConfig-version.cmake
[0.693s] -- Up-to-date symlink: /home/auric/ros2_ws/bball_arm_control/install/bball_arm_control/share/bball_arm_control/package.xml
[0.697s] Invoked command in '/home/auric/ros2_ws/bball_arm_control/build/bball_arm_control' returned '0': CMAKE_PREFIX_PATH=/opt/ros/humble /usr/bin/cmake --install /home/auric/ros2_ws/bball_arm_control/build/bball_arm_control
